../Core/components/bmx160.c:28:6:bmx160_set_i2c	16	static
../Core/components/bmx160.c:49:6:bmx160_begin	8	static
../Core/components/bmx160.c:70:6:bmx160_setLowPower	8	static
../Core/components/bmx160.c:85:6:bmx160_wakeUp	8	static
../Core/components/bmx160.c:100:6:bmx160_softReset	24	static
../Core/components/bmx160.c:110:8:bmx160__softReset	24	static
../Core/components/bmx160.c:125:6:bmx160_defaultParamSettg	16	static
../Core/components/bmx160.c:143:6:bmx160_setMagnConf	8	static
../Core/components/bmx160.c:165:6:bmx160_setGyroRange	16	static
../Core/components/bmx160.c:188:6:bmx160_setAccelRange	16	static
../Core/components/bmx160.c:208:6:bmx160_getAllData	72	static
../Core/components/bmx160.c:243:6:bmx160_writeBmxReg	16	static
../Core/components/bmx160.c:248:6:bmx160_writeReg	80	dynamic
../Core/components/bmx160.c:257:6:bmx160_readReg	32	static
../Core/components/bmx160.c:263:6:bmx160_scan	24	static
