../Core/Src/main.c:84:6:HAL_GPIO_EXTI_Callback	16	static
../Core/Src/main.c:105:5:main	72	static
../Core/Src/main.c:185:6:SystemClock_Config	128	static
../Core/Src/main.c:234:13:MX_I2C2_Init	8	static
../Core/Src/main.c:282:13:MX_USART1_UART_Init	8	static
../Core/Src/main.c:317:13:MX_USART5_UART_Init	8	static
../Core/Src/main.c:350:13:MX_DMA_Init	16	static
../Core/Src/main.c:368:13:MX_GPIO_Init	48	static
../Core/Src/main.c:413:6:StartReadSensorData	160	static
../Core/Src/main.c:502:6:StartSleepTask	16	static
../Core/Src/main.c:516:6:Error_Handler	8	static,ignoring_inline_asm
