../Core/Src/main.c:67:6:HAL_GPIO_EXTI_Callback	16	static
../Core/Src/main.c:84:5:main	72	static
../Core/Src/main.c:163:6:SystemClock_Config	128	static
../Core/Src/main.c:212:13:MX_I2C2_Init	8	static
../Core/Src/main.c:260:13:MX_USART1_UART_Init	8	static
../Core/Src/main.c:295:13:MX_USART5_UART_Init	8	static
../Core/Src/main.c:330:13:MX_GPIO_Init	48	static
../Core/Src/main.c:365:6:StartReadSensorData	16	static
../Core/Src/main.c:383:6:StartSleepTask	16	static
../Core/Src/main.c:395:6:Error_Handler	8	static,ignoring_inline_asm
